====================================================================================================
(2) CANONICAL (p1=20) — all 12 residual factors vf_k per type: coreGen_k o g = vm * vf_k
====================================================================================================

TYPE(20,1,1) vm=u1^1*u20^1  reg-seq k=[0, 1, 3, 4, 6, 7, 9, 10] (8)  drop k=[2, 5, 8, 11]
   vf_ 0 = u0    [REG->z u0]
   vf_ 1 = u0*u10 + u1*u16*u5 + u12    [REG->z u12]
   vf_ 2 = u0*u11 + u1*u12*u6 + u1*u16*u7    [drop]
   vf_ 3 = u2    [REG->z u2]
   vf_ 4 = u1*u17*u5 + u10*u2 + u13    [REG->z u13]
   vf_ 5 = u1*u13*u6 + u1*u17*u7 + u11*u2    [drop]
   vf_ 6 = u3    [REG->z u3]
   vf_ 7 = u1*u18*u5 + u10*u3 + u14    [REG->z u14]
   vf_ 8 = u1*u14*u6 + u1*u18*u7 + u11*u3    [drop]
   vf_ 9 = u4    [REG->z u4]
   vf_10 = u1*u19*u5 + u10*u4 + u15    [REG->z u15]
   vf_11 = u1*u15*u6 + u1*u19*u7 + u11*u4    [drop]

TYPE(20,1,5) vm=u1^1*u5^1*u20^1  reg-seq k=[0, 1, 3, 4, 6, 7, 9, 10] (8)  drop k=[2, 5, 8, 11]
   vf_ 0 = u0    [REG->z u0]
   vf_ 1 = u0*u10 + u12 + u16*u5    [REG->z u12]
   vf_ 2 = u0*u11 + u12*u5*u6 + u16*u5*u7    [drop]
   vf_ 3 = u2    [REG->z u2]
   vf_ 4 = u10*u2 + u13 + u17*u5    [REG->z u13]
   vf_ 5 = u11*u2 + u13*u5*u6 + u17*u5*u7    [drop]
   vf_ 6 = u3    [REG->z u3]
   vf_ 7 = u10*u3 + u14 + u18*u5    [REG->z u14]
   vf_ 8 = u11*u3 + u14*u5*u6 + u18*u5*u7    [drop]
   vf_ 9 = u4    [REG->z u4]
   vf_10 = u10*u4 + u15 + u19*u5    [REG->z u15]
   vf_11 = u11*u4 + u15*u5*u6 + u19*u5*u7    [drop]

TYPE(20,1,6) vm=u1^1*u6^1*u20^1  reg-seq k=[0, 1, 3, 4, 6, 7, 9, 10] (8)  drop k=[2, 5, 8, 11]
   vf_ 0 = u0    [REG->z u0]
   vf_ 1 = u0*u10 + u12 + u16*u5*u6    [REG->z u12]
   vf_ 2 = u0*u11 + u12*u6 + u16*u6*u7    [drop]
   vf_ 3 = u2    [REG->z u2]
   vf_ 4 = u10*u2 + u13 + u17*u5*u6    [REG->z u13]
   vf_ 5 = u11*u2 + u13*u6 + u17*u6*u7    [drop]
   vf_ 6 = u3    [REG->z u3]
   vf_ 7 = u10*u3 + u14 + u18*u5*u6    [REG->z u14]
   vf_ 8 = u11*u3 + u14*u6 + u18*u6*u7    [drop]
   vf_ 9 = u4    [REG->z u4]
   vf_10 = u10*u4 + u15 + u19*u5*u6    [REG->z u15]
   vf_11 = u11*u4 + u15*u6 + u19*u6*u7    [drop]

TYPE(20,1,7) vm=u1^1*u7^1*u20^1  reg-seq k=[0, 1, 3, 4, 6, 7, 9, 10] (8)  drop k=[2, 5, 8, 11]
   vf_ 0 = u0    [REG->z u0]
   vf_ 1 = u0*u10 + u12 + u16*u5*u7    [REG->z u12]
   vf_ 2 = u0*u11 + u12*u6*u7 + u16*u7    [drop]
   vf_ 3 = u2    [REG->z u2]
   vf_ 4 = u10*u2 + u13 + u17*u5*u7    [REG->z u13]
   vf_ 5 = u11*u2 + u13*u6*u7 + u17*u7    [drop]
   vf_ 6 = u3    [REG->z u3]
   vf_ 7 = u10*u3 + u14 + u18*u5*u7    [REG->z u14]
   vf_ 8 = u11*u3 + u14*u6*u7 + u18*u7    [drop]
   vf_ 9 = u4    [REG->z u4]
   vf_10 = u10*u4 + u15 + u19*u5*u7    [REG->z u15]
   vf_11 = u11*u4 + u15*u6*u7 + u19*u7    [drop]

TYPE(20,5,1) vm=u1^1*u5^1*u20^1  reg-seq k=[0, 1, 3, 4, 6, 7, 9, 10] (8)  drop k=[2, 5, 8, 11]
   vf_ 0 = u0    [REG->z u0]
   vf_ 1 = u0*u10 + u1*u12 + u16    [REG->z u16]
   vf_ 2 = u0*u11 + u1*u12*u6 + u1*u16*u7    [drop]
   vf_ 3 = u2    [REG->z u2]
   vf_ 4 = u1*u13 + u10*u2 + u17    [REG->z u17]
   vf_ 5 = u1*u13*u6 + u1*u17*u7 + u11*u2    [drop]
   vf_ 6 = u3    [REG->z u3]
   vf_ 7 = u1*u14 + u10*u3 + u18    [REG->z u18]
   vf_ 8 = u1*u14*u6 + u1*u18*u7 + u11*u3    [drop]
   vf_ 9 = u4    [REG->z u4]
   vf_10 = u1*u15 + u10*u4 + u19    [REG->z u19]
   vf_11 = u1*u15*u6 + u1*u19*u7 + u11*u4    [drop]

TYPE(20,5,5) vm=u5^1*u20^1  reg-seq k=[0, 1, 3, 4, 6, 7, 9, 10] (8)  drop k=[2, 5, 8, 11]
   vf_ 0 = u0    [REG->z u0]
   vf_ 1 = u0*u10 + u1*u12*u5 + u16    [REG->z u16]
   vf_ 2 = u0*u11 + u12*u5*u6 + u16*u5*u7    [drop]
   vf_ 3 = u2    [REG->z u2]
   vf_ 4 = u1*u13*u5 + u10*u2 + u17    [REG->z u17]
   vf_ 5 = u11*u2 + u13*u5*u6 + u17*u5*u7    [drop]
   vf_ 6 = u3    [REG->z u3]
   vf_ 7 = u1*u14*u5 + u10*u3 + u18    [REG->z u18]
   vf_ 8 = u11*u3 + u14*u5*u6 + u18*u5*u7    [drop]
   vf_ 9 = u4    [REG->z u4]
   vf_10 = u1*u15*u5 + u10*u4 + u19    [REG->z u19]
   vf_11 = u11*u4 + u15*u5*u6 + u19*u5*u7    [drop]

TYPE(20,5,6) vm=u5^1*u6^1*u20^1  reg-seq k=[0, 1, 3, 4, 6, 7, 9, 10] (8)  drop k=[2, 5, 8, 11]
   vf_ 0 = u0    [REG->z u0]
   vf_ 1 = u0*u10 + u1*u12*u6 + u16    [REG->z u16]
   vf_ 2 = u0*u11 + u12*u6 + u16*u6*u7    [drop]
   vf_ 3 = u2    [REG->z u2]
   vf_ 4 = u1*u13*u6 + u10*u2 + u17    [REG->z u17]
   vf_ 5 = u11*u2 + u13*u6 + u17*u6*u7    [drop]
   vf_ 6 = u3    [REG->z u3]
   vf_ 7 = u1*u14*u6 + u10*u3 + u18    [REG->z u18]
   vf_ 8 = u11*u3 + u14*u6 + u18*u6*u7    [drop]
   vf_ 9 = u4    [REG->z u4]
   vf_10 = u1*u15*u6 + u10*u4 + u19    [REG->z u19]
   vf_11 = u11*u4 + u15*u6 + u19*u6*u7    [drop]

TYPE(20,5,7) vm=u5^1*u7^1*u20^1  reg-seq k=[0, 1, 3, 4, 6, 7, 9, 10] (8)  drop k=[2, 5, 8, 11]
   vf_ 0 = u0    [REG->z u0]
   vf_ 1 = u0*u10 + u1*u12*u7 + u16    [REG->z u16]
   vf_ 2 = u0*u11 + u12*u6*u7 + u16*u7    [drop]
   vf_ 3 = u2    [REG->z u2]
   vf_ 4 = u1*u13*u7 + u10*u2 + u17    [REG->z u17]
   vf_ 5 = u11*u2 + u13*u6*u7 + u17*u7    [drop]
   vf_ 6 = u3    [REG->z u3]
   vf_ 7 = u1*u14*u7 + u10*u3 + u18    [REG->z u18]
   vf_ 8 = u11*u3 + u14*u6*u7 + u18*u7    [drop]
   vf_ 9 = u4    [REG->z u4]
   vf_10 = u1*u15*u7 + u10*u4 + u19    [REG->z u19]
   vf_11 = u11*u4 + u15*u6*u7 + u19*u7    [drop]

TYPE(20,6,1) vm=u1^1*u6^1*u20^1  reg-seq k=[0, 2, 3, 5, 6, 8, 9, 11] (8)  drop k=[1, 4, 7, 10]
   vf_ 0 = u0    [REG->z u0]
   vf_ 1 = u0*u10 + u1*u12 + u1*u16*u5    [drop]
   vf_ 2 = u0*u11 + u1*u16*u7 + u12    [REG->z u12]
   vf_ 3 = u2    [REG->z u2]
   vf_ 4 = u1*u13 + u1*u17*u5 + u10*u2    [drop]
   vf_ 5 = u1*u17*u7 + u11*u2 + u13    [REG->z u13]
   vf_ 6 = u3    [REG->z u3]
   vf_ 7 = u1*u14 + u1*u18*u5 + u10*u3    [drop]
   vf_ 8 = u1*u18*u7 + u11*u3 + u14    [REG->z u14]
   vf_ 9 = u4    [REG->z u4]
   vf_10 = u1*u15 + u1*u19*u5 + u10*u4    [drop]
   vf_11 = u1*u19*u7 + u11*u4 + u15    [REG->z u15]

TYPE(20,6,5) vm=u5^1*u6^1*u20^1  reg-seq k=[0, 2, 3, 5, 6, 8, 9, 11] (8)  drop k=[1, 4, 7, 10]
   vf_ 0 = u0    [REG->z u0]
   vf_ 1 = u0*u10 + u1*u12*u5 + u16*u5    [drop]
   vf_ 2 = u0*u11 + u12 + u16*u5*u7    [REG->z u12]
   vf_ 3 = u2    [REG->z u2]
   vf_ 4 = u1*u13*u5 + u10*u2 + u17*u5    [drop]
   vf_ 5 = u11*u2 + u13 + u17*u5*u7    [REG->z u13]
   vf_ 6 = u3    [REG->z u3]
   vf_ 7 = u1*u14*u5 + u10*u3 + u18*u5    [drop]
   vf_ 8 = u11*u3 + u14 + u18*u5*u7    [REG->z u14]
   vf_ 9 = u4    [REG->z u4]
   vf_10 = u1*u15*u5 + u10*u4 + u19*u5    [drop]
   vf_11 = u11*u4 + u15 + u19*u5*u7    [REG->z u15]

TYPE(20,6,6) vm=u6^1*u20^1  reg-seq k=[0, 2, 3, 5, 6, 8, 9, 11] (8)  drop k=[1, 4, 7, 10]
   vf_ 0 = u0    [REG->z u0]
   vf_ 1 = u0*u10 + u1*u12*u6 + u16*u5*u6    [drop]
   vf_ 2 = u0*u11 + u12 + u16*u6*u7    [REG->z u12]
   vf_ 3 = u2    [REG->z u2]
   vf_ 4 = u1*u13*u6 + u10*u2 + u17*u5*u6    [drop]
   vf_ 5 = u11*u2 + u13 + u17*u6*u7    [REG->z u13]
   vf_ 6 = u3    [REG->z u3]
   vf_ 7 = u1*u14*u6 + u10*u3 + u18*u5*u6    [drop]
   vf_ 8 = u11*u3 + u14 + u18*u6*u7    [REG->z u14]
   vf_ 9 = u4    [REG->z u4]
   vf_10 = u1*u15*u6 + u10*u4 + u19*u5*u6    [drop]
   vf_11 = u11*u4 + u15 + u19*u6*u7    [REG->z u15]

TYPE(20,6,7) vm=u6^1*u7^1*u20^1  reg-seq k=[0, 2, 3, 5, 6, 8, 9, 11] (8)  drop k=[1, 4, 7, 10]
   vf_ 0 = u0    [REG->z u0]
   vf_ 1 = u0*u10 + u1*u12*u7 + u16*u5*u7    [drop]
   vf_ 2 = u0*u11 + u12 + u16*u7    [REG->z u12]
   vf_ 3 = u2    [REG->z u2]
   vf_ 4 = u1*u13*u7 + u10*u2 + u17*u5*u7    [drop]
   vf_ 5 = u11*u2 + u13 + u17*u7    [REG->z u13]
   vf_ 6 = u3    [REG->z u3]
   vf_ 7 = u1*u14*u7 + u10*u3 + u18*u5*u7    [drop]
   vf_ 8 = u11*u3 + u14 + u18*u7    [REG->z u14]
   vf_ 9 = u4    [REG->z u4]
   vf_10 = u1*u15*u7 + u10*u4 + u19*u5*u7    [drop]
   vf_11 = u11*u4 + u15 + u19*u7    [REG->z u15]

TYPE(20,7,1) vm=u1^1*u7^1*u20^1  reg-seq k=[0, 2, 3, 5, 6, 8, 9, 11] (8)  drop k=[1, 4, 7, 10]
   vf_ 0 = u0    [REG->z u0]
   vf_ 1 = u0*u10 + u1*u12 + u1*u16*u5    [drop]
   vf_ 2 = u0*u11 + u1*u12*u6 + u16    [REG->z u16]
   vf_ 3 = u2    [REG->z u2]
   vf_ 4 = u1*u13 + u1*u17*u5 + u10*u2    [drop]
   vf_ 5 = u1*u13*u6 + u11*u2 + u17    [REG->z u17]
   vf_ 6 = u3    [REG->z u3]
   vf_ 7 = u1*u14 + u1*u18*u5 + u10*u3    [drop]
   vf_ 8 = u1*u14*u6 + u11*u3 + u18    [REG->z u18]
   vf_ 9 = u4    [REG->z u4]
   vf_10 = u1*u15 + u1*u19*u5 + u10*u4    [drop]
   vf_11 = u1*u15*u6 + u11*u4 + u19    [REG->z u19]

TYPE(20,7,5) vm=u5^1*u7^1*u20^1  reg-seq k=[0, 2, 3, 5, 6, 8, 9, 11] (8)  drop k=[1, 4, 7, 10]
   vf_ 0 = u0    [REG->z u0]
   vf_ 1 = u0*u10 + u1*u12*u5 + u16*u5    [drop]
   vf_ 2 = u0*u11 + u12*u5*u6 + u16    [REG->z u16]
   vf_ 3 = u2    [REG->z u2]
   vf_ 4 = u1*u13*u5 + u10*u2 + u17*u5    [drop]
   vf_ 5 = u11*u2 + u13*u5*u6 + u17    [REG->z u17]
   vf_ 6 = u3    [REG->z u3]
   vf_ 7 = u1*u14*u5 + u10*u3 + u18*u5    [drop]
   vf_ 8 = u11*u3 + u14*u5*u6 + u18    [REG->z u18]
   vf_ 9 = u4    [REG->z u4]
   vf_10 = u1*u15*u5 + u10*u4 + u19*u5    [drop]
   vf_11 = u11*u4 + u15*u5*u6 + u19    [REG->z u19]

TYPE(20,7,6) vm=u6^1*u7^1*u20^1  reg-seq k=[0, 2, 3, 5, 6, 8, 9, 11] (8)  drop k=[1, 4, 7, 10]
   vf_ 0 = u0    [REG->z u0]
   vf_ 1 = u0*u10 + u1*u12*u6 + u16*u5*u6    [drop]
   vf_ 2 = u0*u11 + u12*u6 + u16    [REG->z u16]
   vf_ 3 = u2    [REG->z u2]
   vf_ 4 = u1*u13*u6 + u10*u2 + u17*u5*u6    [drop]
   vf_ 5 = u11*u2 + u13*u6 + u17    [REG->z u17]
   vf_ 6 = u3    [REG->z u3]
   vf_ 7 = u1*u14*u6 + u10*u3 + u18*u5*u6    [drop]
   vf_ 8 = u11*u3 + u14*u6 + u18    [REG->z u18]
   vf_ 9 = u4    [REG->z u4]
   vf_10 = u1*u15*u6 + u10*u4 + u19*u5*u6    [drop]
   vf_11 = u11*u4 + u15*u6 + u19    [REG->z u19]

TYPE(20,7,7) vm=u7^1*u20^1  reg-seq k=[0, 2, 3, 5, 6, 8, 9, 11] (8)  drop k=[1, 4, 7, 10]
   vf_ 0 = u0    [REG->z u0]
   vf_ 1 = u0*u10 + u1*u12*u7 + u16*u5*u7    [drop]
   vf_ 2 = u0*u11 + u12*u6*u7 + u16    [REG->z u16]
   vf_ 3 = u2    [REG->z u2]
   vf_ 4 = u1*u13*u7 + u10*u2 + u17*u5*u7    [drop]
   vf_ 5 = u11*u2 + u13*u6*u7 + u17    [REG->z u17]
   vf_ 6 = u3    [REG->z u3]
   vf_ 7 = u1*u14*u7 + u10*u3 + u18*u5*u7    [drop]
   vf_ 8 = u11*u3 + u14*u6*u7 + u18    [REG->z u18]
   vf_ 9 = u4    [REG->z u4]
   vf_10 = u1*u15*u7 + u10*u4 + u19*u5*u7    [drop]
   vf_11 = u11*u4 + u15*u6*u7 + u19    [REG->z u19]

====================================================================================================
(1) PER-DOMINANT (9 dominants x 16 types) — DIRECT from whole_conj; + sigma_{p1}-transport check
====================================================================================================

--- dominant p1=20 (i=0,j=0);  sigma_20 nontrivial index map: {} ---
   (20,1,1): vm=u1^1*u20^1         z=[0, 2, 3, 4, 12, 13, 14, 15] thr= 9/2 val=4 [sigma-transport EXACT: True]
   (20,1,5): vm=u1^1*u5^1*u20^1    z=[0, 2, 3, 4, 12, 13, 14, 15] thr=   4 val=4 [sigma-transport EXACT: True]
   (20,1,6): vm=u1^1*u6^1*u20^1    z=[0, 2, 3, 4, 12, 13, 14, 15] thr=   4 val=4 [sigma-transport EXACT: True]
   (20,1,7): vm=u1^1*u7^1*u20^1    z=[0, 2, 3, 4, 12, 13, 14, 15] thr=   4 val=4 [sigma-transport EXACT: True]
   (20,5,1): vm=u1^1*u5^1*u20^1    z=[0, 2, 3, 4, 16, 17, 18, 19] thr=   4 val=4 [sigma-transport EXACT: True]
   (20,5,5): vm=u5^1*u20^1         z=[0, 2, 3, 4, 16, 17, 18, 19] thr= 9/2 val=4 [sigma-transport EXACT: True]
   (20,5,6): vm=u5^1*u6^1*u20^1    z=[0, 2, 3, 4, 16, 17, 18, 19] thr=   4 val=4 [sigma-transport EXACT: True]
   (20,5,7): vm=u5^1*u7^1*u20^1    z=[0, 2, 3, 4, 16, 17, 18, 19] thr=   4 val=4 [sigma-transport EXACT: True]
   (20,6,1): vm=u1^1*u6^1*u20^1    z=[0, 2, 3, 4, 12, 13, 14, 15] thr=   4 val=4 [sigma-transport EXACT: True]
   (20,6,5): vm=u5^1*u6^1*u20^1    z=[0, 2, 3, 4, 12, 13, 14, 15] thr=   4 val=4 [sigma-transport EXACT: True]
   (20,6,6): vm=u6^1*u20^1         z=[0, 2, 3, 4, 12, 13, 14, 15] thr= 9/2 val=4 [sigma-transport EXACT: True]
   (20,6,7): vm=u6^1*u7^1*u20^1    z=[0, 2, 3, 4, 12, 13, 14, 15] thr=   4 val=4 [sigma-transport EXACT: True]
   (20,7,1): vm=u1^1*u7^1*u20^1    z=[0, 2, 3, 4, 16, 17, 18, 19] thr=   4 val=4 [sigma-transport EXACT: True]
   (20,7,5): vm=u5^1*u7^1*u20^1    z=[0, 2, 3, 4, 16, 17, 18, 19] thr=   4 val=4 [sigma-transport EXACT: True]
   (20,7,6): vm=u6^1*u7^1*u20^1    z=[0, 2, 3, 4, 16, 17, 18, 19] thr=   4 val=4 [sigma-transport EXACT: True]
   (20,7,7): vm=u7^1*u20^1         z=[0, 2, 3, 4, 16, 17, 18, 19] thr= 9/2 val=4 [sigma-transport EXACT: True]

--- dominant p1=2 (i=0,j=1);  sigma_2 nontrivial index map: {0: 4, 1: 5, 2: 20, 4: 0, 5: 1, 20: 2} ---
   (2,1,1): vm=u2^1*u5^1          z=[0, 3, 4, 12, 13, 14, 15, 20] thr= 9/2 val=4 [sigma-transport EXACT: True]
   (2,1,5): vm=u1^1*u2^1*u5^1     z=[0, 3, 4, 12, 13, 14, 15, 20] thr=   4 val=4 [sigma-transport EXACT: True]
   (2,1,6): vm=u2^1*u5^1*u6^1     z=[0, 3, 4, 12, 13, 14, 15, 20] thr=   4 val=4 [sigma-transport EXACT: True]
   (2,1,7): vm=u2^1*u5^1*u7^1     z=[0, 3, 4, 12, 13, 14, 15, 20] thr=   4 val=4 [sigma-transport EXACT: True]
   (2,5,1): vm=u1^1*u2^1*u5^1     z=[0, 3, 4, 16, 17, 18, 19, 20] thr=   4 val=4 [sigma-transport EXACT: True]
   (2,5,5): vm=u1^1*u2^1          z=[0, 3, 4, 16, 17, 18, 19, 20] thr= 9/2 val=4 [sigma-transport EXACT: True]
   (2,5,6): vm=u1^1*u2^1*u6^1     z=[0, 3, 4, 16, 17, 18, 19, 20] thr=   4 val=4 [sigma-transport EXACT: True]
   (2,5,7): vm=u1^1*u2^1*u7^1     z=[0, 3, 4, 16, 17, 18, 19, 20] thr=   4 val=4 [sigma-transport EXACT: True]
   (2,6,1): vm=u2^1*u5^1*u6^1     z=[0, 3, 4, 12, 13, 14, 15, 20] thr=   4 val=4 [sigma-transport EXACT: True]
   (2,6,5): vm=u1^1*u2^1*u6^1     z=[0, 3, 4, 12, 13, 14, 15, 20] thr=   4 val=4 [sigma-transport EXACT: True]
   (2,6,6): vm=u2^1*u6^1          z=[0, 3, 4, 12, 13, 14, 15, 20] thr= 9/2 val=4 [sigma-transport EXACT: True]
   (2,6,7): vm=u2^1*u6^1*u7^1     z=[0, 3, 4, 12, 13, 14, 15, 20] thr=   4 val=4 [sigma-transport EXACT: True]
   (2,7,1): vm=u2^1*u5^1*u7^1     z=[0, 3, 4, 16, 17, 18, 19, 20] thr=   4 val=4 [sigma-transport EXACT: True]
   (2,7,5): vm=u1^1*u2^1*u7^1     z=[0, 3, 4, 16, 17, 18, 19, 20] thr=   4 val=4 [sigma-transport EXACT: True]
   (2,7,6): vm=u2^1*u6^1*u7^1     z=[0, 3, 4, 16, 17, 18, 19, 20] thr=   4 val=4 [sigma-transport EXACT: True]
   (2,7,7): vm=u2^1*u7^1          z=[0, 3, 4, 16, 17, 18, 19, 20] thr= 9/2 val=4 [sigma-transport EXACT: True]

--- dominant p1=3 (i=0,j=2);  sigma_3 nontrivial index map: {0: 6, 1: 7, 3: 20, 6: 0, 7: 1, 20: 3} ---
   (3,1,1): vm=u3^1*u7^1          z=[2, 4, 6, 12, 13, 14, 15, 20] thr= 9/2 val=4 [sigma-transport EXACT: True]
   (3,1,5): vm=u3^1*u5^1*u7^1     z=[2, 4, 6, 12, 13, 14, 15, 20] thr=   4 val=4 [sigma-transport EXACT: True]
   (3,1,6): vm=u0^1*u3^1*u7^1     z=[2, 4, 6, 12, 13, 14, 15, 20] thr=   4 val=4 [sigma-transport EXACT: True]
   (3,1,7): vm=u1^1*u3^1*u7^1     z=[2, 4, 6, 12, 13, 14, 15, 20] thr=   4 val=4 [sigma-transport EXACT: True]
   (3,5,1): vm=u3^1*u5^1*u7^1     z=[2, 4, 6, 16, 17, 18, 19, 20] thr=   4 val=4 [sigma-transport EXACT: True]
   (3,5,5): vm=u3^1*u5^1          z=[2, 4, 6, 16, 17, 18, 19, 20] thr= 9/2 val=4 [sigma-transport EXACT: True]
   (3,5,6): vm=u0^1*u3^1*u5^1     z=[2, 4, 6, 16, 17, 18, 19, 20] thr=   4 val=4 [sigma-transport EXACT: True]
   (3,5,7): vm=u1^1*u3^1*u5^1     z=[2, 4, 6, 16, 17, 18, 19, 20] thr=   4 val=4 [sigma-transport EXACT: True]
   (3,6,1): vm=u0^1*u3^1*u7^1     z=[2, 4, 6, 12, 13, 14, 15, 20] thr=   4 val=4 [sigma-transport EXACT: True]
   (3,6,5): vm=u0^1*u3^1*u5^1     z=[2, 4, 6, 12, 13, 14, 15, 20] thr=   4 val=4 [sigma-transport EXACT: True]
   (3,6,6): vm=u0^1*u3^1          z=[2, 4, 6, 12, 13, 14, 15, 20] thr= 9/2 val=4 [sigma-transport EXACT: True]
   (3,6,7): vm=u0^1*u1^1*u3^1     z=[2, 4, 6, 12, 13, 14, 15, 20] thr=   4 val=4 [sigma-transport EXACT: True]
   (3,7,1): vm=u1^1*u3^1*u7^1     z=[2, 4, 6, 16, 17, 18, 19, 20] thr=   4 val=4 [sigma-transport EXACT: True]
   (3,7,5): vm=u1^1*u3^1*u5^1     z=[2, 4, 6, 16, 17, 18, 19, 20] thr=   4 val=4 [sigma-transport EXACT: True]
   (3,7,6): vm=u0^1*u1^1*u3^1     z=[2, 4, 6, 16, 17, 18, 19, 20] thr=   4 val=4 [sigma-transport EXACT: True]
   (3,7,7): vm=u1^1*u3^1          z=[2, 4, 6, 16, 17, 18, 19, 20] thr= 9/2 val=4 [sigma-transport EXACT: True]

--- dominant p1=0 (i=1,j=0);  sigma_0 nontrivial index map: {0: 20, 2: 4, 3: 6, 4: 2, 6: 3, 8: 12, 9: 13, 10: 14, 11: 15, 12: 8, 13: 9, 14: 10, 15: 11, 20: 0} ---
   (0,1,1): vm=u0^1*u1^1          z=[2, 4, 6, 8, 9, 10, 11, 20] thr= 9/2 val=4 [sigma-transport EXACT: True]
   (0,1,5): vm=u0^1*u1^1*u5^1     z=[2, 4, 6, 8, 9, 10, 11, 20] thr=   4 val=4 [sigma-transport EXACT: True]
   (0,1,6): vm=u0^1*u1^1*u3^1     z=[2, 4, 6, 8, 9, 10, 11, 20] thr=   4 val=4 [sigma-transport EXACT: True]
   (0,1,7): vm=u0^1*u1^1*u7^1     z=[2, 4, 6, 8, 9, 10, 11, 20] thr=   4 val=4 [sigma-transport EXACT: True]
   (0,5,1): vm=u0^1*u1^1*u5^1     z=[2, 4, 6, 16, 17, 18, 19, 20] thr=   4 val=4 [sigma-transport EXACT: True]
   (0,5,5): vm=u0^1*u5^1          z=[2, 4, 6, 16, 17, 18, 19, 20] thr= 9/2 val=4 [sigma-transport EXACT: True]
   (0,5,6): vm=u0^1*u3^1*u5^1     z=[2, 4, 6, 16, 17, 18, 19, 20] thr=   4 val=4 [sigma-transport EXACT: True]
   (0,5,7): vm=u0^1*u5^1*u7^1     z=[2, 4, 6, 16, 17, 18, 19, 20] thr=   4 val=4 [sigma-transport EXACT: True]
   (0,6,1): vm=u0^1*u1^1*u3^1     z=[2, 4, 6, 8, 9, 10, 11, 20] thr=   4 val=4 [sigma-transport EXACT: True]
   (0,6,5): vm=u0^1*u3^1*u5^1     z=[2, 4, 6, 8, 9, 10, 11, 20] thr=   4 val=4 [sigma-transport EXACT: True]
   (0,6,6): vm=u0^1*u3^1          z=[2, 4, 6, 8, 9, 10, 11, 20] thr= 9/2 val=4 [sigma-transport EXACT: True]
   (0,6,7): vm=u0^1*u3^1*u7^1     z=[2, 4, 6, 8, 9, 10, 11, 20] thr=   4 val=4 [sigma-transport EXACT: True]
   (0,7,1): vm=u0^1*u1^1*u7^1     z=[2, 4, 6, 16, 17, 18, 19, 20] thr=   4 val=4 [sigma-transport EXACT: True]
   (0,7,5): vm=u0^1*u5^1*u7^1     z=[2, 4, 6, 16, 17, 18, 19, 20] thr=   4 val=4 [sigma-transport EXACT: True]
   (0,7,6): vm=u0^1*u3^1*u7^1     z=[2, 4, 6, 16, 17, 18, 19, 20] thr=   4 val=4 [sigma-transport EXACT: True]
   (0,7,7): vm=u0^1*u7^1          z=[2, 4, 6, 16, 17, 18, 19, 20] thr= 9/2 val=4 [sigma-transport EXACT: True]

--- dominant p1=4 (i=1,j=1);  sigma_4 nontrivial index map: {0: 2, 1: 5, 2: 0, 3: 6, 4: 20, 5: 1, 6: 3, 8: 12, 9: 13, 10: 14, 11: 15, 12: 8, 13: 9, 14: 10, 15: 11, 20: 4} ---
   (4,1,1): vm=u4^1*u5^1          z=[0, 2, 6, 8, 9, 10, 11, 20] thr= 9/2 val=4 [sigma-transport EXACT: True]
   (4,1,5): vm=u1^1*u4^1*u5^1     z=[0, 2, 6, 8, 9, 10, 11, 20] thr=   4 val=4 [sigma-transport EXACT: True]
   (4,1,6): vm=u3^1*u4^1*u5^1     z=[0, 2, 6, 8, 9, 10, 11, 20] thr=   4 val=4 [sigma-transport EXACT: True]
   (4,1,7): vm=u4^1*u5^1*u7^1     z=[0, 2, 6, 8, 9, 10, 11, 20] thr=   4 val=4 [sigma-transport EXACT: True]
   (4,5,1): vm=u1^1*u4^1*u5^1     z=[0, 2, 6, 16, 17, 18, 19, 20] thr=   4 val=4 [sigma-transport EXACT: True]
   (4,5,5): vm=u1^1*u4^1          z=[0, 2, 6, 16, 17, 18, 19, 20] thr= 9/2 val=4 [sigma-transport EXACT: True]
   (4,5,6): vm=u1^1*u3^1*u4^1     z=[0, 2, 6, 16, 17, 18, 19, 20] thr=   4 val=4 [sigma-transport EXACT: True]
   (4,5,7): vm=u1^1*u4^1*u7^1     z=[0, 2, 6, 16, 17, 18, 19, 20] thr=   4 val=4 [sigma-transport EXACT: True]
   (4,6,1): vm=u3^1*u4^1*u5^1     z=[0, 2, 6, 8, 9, 10, 11, 20] thr=   4 val=4 [sigma-transport EXACT: True]
   (4,6,5): vm=u1^1*u3^1*u4^1     z=[0, 2, 6, 8, 9, 10, 11, 20] thr=   4 val=4 [sigma-transport EXACT: True]
   (4,6,6): vm=u3^1*u4^1          z=[0, 2, 6, 8, 9, 10, 11, 20] thr= 9/2 val=4 [sigma-transport EXACT: True]
   (4,6,7): vm=u3^1*u4^1*u7^1     z=[0, 2, 6, 8, 9, 10, 11, 20] thr=   4 val=4 [sigma-transport EXACT: True]
   (4,7,1): vm=u4^1*u5^1*u7^1     z=[0, 2, 6, 16, 17, 18, 19, 20] thr=   4 val=4 [sigma-transport EXACT: True]
   (4,7,5): vm=u1^1*u4^1*u7^1     z=[0, 2, 6, 16, 17, 18, 19, 20] thr=   4 val=4 [sigma-transport EXACT: True]
   (4,7,6): vm=u3^1*u4^1*u7^1     z=[0, 2, 6, 16, 17, 18, 19, 20] thr=   4 val=4 [sigma-transport EXACT: True]
   (4,7,7): vm=u4^1*u7^1          z=[0, 2, 6, 16, 17, 18, 19, 20] thr= 9/2 val=4 [sigma-transport EXACT: True]

--- dominant p1=6 (i=1,j=2);  sigma_6 nontrivial index map: {0: 3, 1: 7, 2: 4, 3: 0, 4: 2, 6: 20, 7: 1, 8: 12, 9: 13, 10: 14, 11: 15, 12: 8, 13: 9, 14: 10, 15: 11, 20: 6} ---
   (6,1,1): vm=u6^1*u7^1          z=[0, 2, 3, 4, 8, 9, 10, 11] thr= 9/2 val=4 [sigma-transport EXACT: True]
   (6,1,5): vm=u5^1*u6^1*u7^1     z=[0, 2, 3, 4, 8, 9, 10, 11] thr=   4 val=4 [sigma-transport EXACT: True]
   (6,1,6): vm=u6^1*u7^1*u20^1    z=[0, 2, 3, 4, 8, 9, 10, 11] thr=   4 val=4 [sigma-transport EXACT: True]
   (6,1,7): vm=u1^1*u6^1*u7^1     z=[0, 2, 3, 4, 8, 9, 10, 11] thr=   4 val=4 [sigma-transport EXACT: True]
   (6,5,1): vm=u5^1*u6^1*u7^1     z=[0, 2, 3, 4, 16, 17, 18, 19] thr=   4 val=4 [sigma-transport EXACT: True]
   (6,5,5): vm=u5^1*u6^1          z=[0, 2, 3, 4, 16, 17, 18, 19] thr= 9/2 val=4 [sigma-transport EXACT: True]
   (6,5,6): vm=u5^1*u6^1*u20^1    z=[0, 2, 3, 4, 16, 17, 18, 19] thr=   4 val=4 [sigma-transport EXACT: True]
   (6,5,7): vm=u1^1*u5^1*u6^1     z=[0, 2, 3, 4, 16, 17, 18, 19] thr=   4 val=4 [sigma-transport EXACT: True]
   (6,6,1): vm=u6^1*u7^1*u20^1    z=[0, 2, 3, 4, 8, 9, 10, 11] thr=   4 val=4 [sigma-transport EXACT: True]
   (6,6,5): vm=u5^1*u6^1*u20^1    z=[0, 2, 3, 4, 8, 9, 10, 11] thr=   4 val=4 [sigma-transport EXACT: True]
   (6,6,6): vm=u6^1*u20^1         z=[0, 2, 3, 4, 8, 9, 10, 11] thr= 9/2 val=4 [sigma-transport EXACT: True]
   (6,6,7): vm=u1^1*u6^1*u20^1    z=[0, 2, 3, 4, 8, 9, 10, 11] thr=   4 val=4 [sigma-transport EXACT: True]
   (6,7,1): vm=u1^1*u6^1*u7^1     z=[0, 2, 3, 4, 16, 17, 18, 19] thr=   4 val=4 [sigma-transport EXACT: True]
   (6,7,5): vm=u1^1*u5^1*u6^1     z=[0, 2, 3, 4, 16, 17, 18, 19] thr=   4 val=4 [sigma-transport EXACT: True]
   (6,7,6): vm=u1^1*u6^1*u20^1    z=[0, 2, 3, 4, 16, 17, 18, 19] thr=   4 val=4 [sigma-transport EXACT: True]
   (6,7,7): vm=u1^1*u6^1          z=[0, 2, 3, 4, 16, 17, 18, 19] thr= 9/2 val=4 [sigma-transport EXACT: True]

--- dominant p1=1 (i=2,j=0);  sigma_1 nontrivial index map: {1: 20, 2: 5, 3: 7, 5: 2, 7: 3, 8: 16, 9: 17, 10: 18, 11: 19, 16: 8, 17: 9, 18: 10, 19: 11, 20: 1} ---
   (1,1,1): vm=u1^1*u20^1         z=[0, 4, 5, 7, 12, 13, 14, 15] thr= 9/2 val=4 [sigma-transport EXACT: True]
   (1,1,5): vm=u1^1*u2^1*u20^1    z=[0, 4, 5, 7, 12, 13, 14, 15] thr=   4 val=4 [sigma-transport EXACT: True]
   (1,1,6): vm=u1^1*u6^1*u20^1    z=[0, 4, 5, 7, 12, 13, 14, 15] thr=   4 val=4 [sigma-transport EXACT: True]
   (1,1,7): vm=u1^1*u3^1*u20^1    z=[0, 4, 5, 7, 12, 13, 14, 15] thr=   4 val=4 [sigma-transport EXACT: True]
   (1,5,1): vm=u1^1*u2^1*u20^1    z=[0, 4, 5, 7, 8, 9, 10, 11] thr=   4 val=4 [sigma-transport EXACT: True]
   (1,5,5): vm=u1^1*u2^1          z=[0, 4, 5, 7, 8, 9, 10, 11] thr= 9/2 val=4 [sigma-transport EXACT: True]
   (1,5,6): vm=u1^1*u2^1*u6^1     z=[0, 4, 5, 7, 8, 9, 10, 11] thr=   4 val=4 [sigma-transport EXACT: True]
   (1,5,7): vm=u1^1*u2^1*u3^1     z=[0, 4, 5, 7, 8, 9, 10, 11] thr=   4 val=4 [sigma-transport EXACT: True]
   (1,6,1): vm=u1^1*u6^1*u20^1    z=[0, 4, 5, 7, 12, 13, 14, 15] thr=   4 val=4 [sigma-transport EXACT: True]
   (1,6,5): vm=u1^1*u2^1*u6^1     z=[0, 4, 5, 7, 12, 13, 14, 15] thr=   4 val=4 [sigma-transport EXACT: True]
   (1,6,6): vm=u1^1*u6^1          z=[0, 4, 5, 7, 12, 13, 14, 15] thr= 9/2 val=4 [sigma-transport EXACT: True]
   (1,6,7): vm=u1^1*u3^1*u6^1     z=[0, 4, 5, 7, 12, 13, 14, 15] thr=   4 val=4 [sigma-transport EXACT: True]
   (1,7,1): vm=u1^1*u3^1*u20^1    z=[0, 4, 5, 7, 8, 9, 10, 11] thr=   4 val=4 [sigma-transport EXACT: True]
   (1,7,5): vm=u1^1*u2^1*u3^1     z=[0, 4, 5, 7, 8, 9, 10, 11] thr=   4 val=4 [sigma-transport EXACT: True]
   (1,7,6): vm=u1^1*u3^1*u6^1     z=[0, 4, 5, 7, 8, 9, 10, 11] thr=   4 val=4 [sigma-transport EXACT: True]
   (1,7,7): vm=u1^1*u3^1          z=[0, 4, 5, 7, 8, 9, 10, 11] thr= 9/2 val=4 [sigma-transport EXACT: True]

--- dominant p1=5 (i=2,j=1);  sigma_5 nontrivial index map: {0: 4, 1: 2, 2: 1, 3: 7, 4: 0, 5: 20, 7: 3, 8: 16, 9: 17, 10: 18, 11: 19, 16: 8, 17: 9, 18: 10, 19: 11, 20: 5} ---
   (5,1,1): vm=u2^1*u5^1          z=[0, 1, 4, 7, 12, 13, 14, 15] thr= 9/2 val=4 [sigma-transport EXACT: True]
   (5,1,5): vm=u2^1*u5^1*u20^1    z=[0, 1, 4, 7, 12, 13, 14, 15] thr=   4 val=4 [sigma-transport EXACT: True]
   (5,1,6): vm=u2^1*u5^1*u6^1     z=[0, 1, 4, 7, 12, 13, 14, 15] thr=   4 val=4 [sigma-transport EXACT: True]
   (5,1,7): vm=u2^1*u3^1*u5^1     z=[0, 1, 4, 7, 12, 13, 14, 15] thr=   4 val=4 [sigma-transport EXACT: True]
   (5,5,1): vm=u2^1*u5^1*u20^1    z=[0, 1, 4, 7, 8, 9, 10, 11] thr=   4 val=4 [sigma-transport EXACT: True]
   (5,5,5): vm=u5^1*u20^1         z=[0, 1, 4, 7, 8, 9, 10, 11] thr= 9/2 val=4 [sigma-transport EXACT: True]
   (5,5,6): vm=u5^1*u6^1*u20^1    z=[0, 1, 4, 7, 8, 9, 10, 11] thr=   4 val=4 [sigma-transport EXACT: True]
   (5,5,7): vm=u3^1*u5^1*u20^1    z=[0, 1, 4, 7, 8, 9, 10, 11] thr=   4 val=4 [sigma-transport EXACT: True]
   (5,6,1): vm=u2^1*u5^1*u6^1     z=[0, 1, 4, 7, 12, 13, 14, 15] thr=   4 val=4 [sigma-transport EXACT: True]
   (5,6,5): vm=u5^1*u6^1*u20^1    z=[0, 1, 4, 7, 12, 13, 14, 15] thr=   4 val=4 [sigma-transport EXACT: True]
   (5,6,6): vm=u5^1*u6^1          z=[0, 1, 4, 7, 12, 13, 14, 15] thr= 9/2 val=4 [sigma-transport EXACT: True]
   (5,6,7): vm=u3^1*u5^1*u6^1     z=[0, 1, 4, 7, 12, 13, 14, 15] thr=   4 val=4 [sigma-transport EXACT: True]
   (5,7,1): vm=u2^1*u3^1*u5^1     z=[0, 1, 4, 7, 8, 9, 10, 11] thr=   4 val=4 [sigma-transport EXACT: True]
   (5,7,5): vm=u3^1*u5^1*u20^1    z=[0, 1, 4, 7, 8, 9, 10, 11] thr=   4 val=4 [sigma-transport EXACT: True]
   (5,7,6): vm=u3^1*u5^1*u6^1     z=[0, 1, 4, 7, 8, 9, 10, 11] thr=   4 val=4 [sigma-transport EXACT: True]
   (5,7,7): vm=u3^1*u5^1          z=[0, 1, 4, 7, 8, 9, 10, 11] thr= 9/2 val=4 [sigma-transport EXACT: True]

--- dominant p1=7 (i=2,j=2);  sigma_7 nontrivial index map: {0: 6, 1: 3, 2: 5, 3: 1, 5: 2, 6: 0, 7: 20, 8: 16, 9: 17, 10: 18, 11: 19, 16: 8, 17: 9, 18: 10, 19: 11, 20: 7} ---
   (7,1,1): vm=u3^1*u7^1          z=[1, 4, 5, 6, 12, 13, 14, 15] thr= 9/2 val=4 [sigma-transport EXACT: True]
   (7,1,5): vm=u2^1*u3^1*u7^1     z=[1, 4, 5, 6, 12, 13, 14, 15] thr=   4 val=4 [sigma-transport EXACT: True]
   (7,1,6): vm=u0^1*u3^1*u7^1     z=[1, 4, 5, 6, 12, 13, 14, 15] thr=   4 val=4 [sigma-transport EXACT: True]
   (7,1,7): vm=u3^1*u7^1*u20^1    z=[1, 4, 5, 6, 12, 13, 14, 15] thr=   4 val=4 [sigma-transport EXACT: True]
   (7,5,1): vm=u2^1*u3^1*u7^1     z=[1, 4, 5, 6, 8, 9, 10, 11] thr=   4 val=4 [sigma-transport EXACT: True]
   (7,5,5): vm=u2^1*u7^1          z=[1, 4, 5, 6, 8, 9, 10, 11] thr= 9/2 val=4 [sigma-transport EXACT: True]
   (7,5,6): vm=u0^1*u2^1*u7^1     z=[1, 4, 5, 6, 8, 9, 10, 11] thr=   4 val=4 [sigma-transport EXACT: True]
   (7,5,7): vm=u2^1*u7^1*u20^1    z=[1, 4, 5, 6, 8, 9, 10, 11] thr=   4 val=4 [sigma-transport EXACT: True]
   (7,6,1): vm=u0^1*u3^1*u7^1     z=[1, 4, 5, 6, 12, 13, 14, 15] thr=   4 val=4 [sigma-transport EXACT: True]
   (7,6,5): vm=u0^1*u2^1*u7^1     z=[1, 4, 5, 6, 12, 13, 14, 15] thr=   4 val=4 [sigma-transport EXACT: True]
   (7,6,6): vm=u0^1*u7^1          z=[1, 4, 5, 6, 12, 13, 14, 15] thr= 9/2 val=4 [sigma-transport EXACT: True]
   (7,6,7): vm=u0^1*u7^1*u20^1    z=[1, 4, 5, 6, 12, 13, 14, 15] thr=   4 val=4 [sigma-transport EXACT: True]
   (7,7,1): vm=u3^1*u7^1*u20^1    z=[1, 4, 5, 6, 8, 9, 10, 11] thr=   4 val=4 [sigma-transport EXACT: True]
   (7,7,5): vm=u2^1*u7^1*u20^1    z=[1, 4, 5, 6, 8, 9, 10, 11] thr=   4 val=4 [sigma-transport EXACT: True]
   (7,7,6): vm=u0^1*u7^1*u20^1    z=[1, 4, 5, 6, 8, 9, 10, 11] thr=   4 val=4 [sigma-transport EXACT: True]
   (7,7,7): vm=u7^1*u20^1         z=[1, 4, 5, 6, 8, 9, 10, 11] thr= 9/2 val=4 [sigma-transport EXACT: True]

====================================================================================================
sigma_{p1}-transport EXACT for all 9x16: True
=> the formaliser may EITHER read the explicit per-dominant table above, OR formalise the
   canonical 16 (p1=20) once and apply sigma_{p1} (a pure coord permutation) uniformly:
   vm_dom = sigma_{p1}(vm_canon); z_dom = sigma_{p1}(z_canon); threshold & value invariant.
   (Both give identical ground truth; explicit table is zero-bookkeeping, sigma is 1 relabel.)
