==============================================================================================
WHOLE-CONJUGATE born-native fan: all 288 leaves (toric-LP + native-centre EMIT + exact cert)
==============================================================================================

[0] LOSS-SYMMETRY check for the 9 make_sigma (L o sigma == L, exact):
    sigma(i=0,j=0) -> dominant slot 20: L-invariant = True
    sigma(i=0,j=1) -> dominant slot  2: L-invariant = True
    sigma(i=0,j=2) -> dominant slot  3: L-invariant = True
    sigma(i=1,j=0) -> dominant slot  0: L-invariant = True
    sigma(i=1,j=1) -> dominant slot  4: L-invariant = True
    sigma(i=1,j=2) -> dominant slot  6: L-invariant = True
    sigma(i=2,j=0) -> dominant slot  1: L-invariant = True
    sigma(i=2,j=1) -> dominant slot  5: L-invariant = True
    sigma(i=2,j=2) -> dominant slot  7: L-invariant = True

[1] EMIT native (permuted-centre) blow-up data per dominant (sigma(C),sigma(p)); conj-permP as a direct permutation:
  dominant p1=20 (i=0,j=0):
     node1 centre=20  dirs sigma(C0)=[0, 1, 2, 3, 4, 5, 6, 7, 20]
     node2 centres sigma(C1)=[0, 1, 2, 3, 4, 5, 6, 7]   (canonical p2 -> native sigma(p2))
     node3 centres sigma(C2)=[1, 5, 6, 7]   (canonical p3 -> native sigma(p3))
     conj-permP nontrivial map = {0: 8, 1: 9, 2: 10, 3: 11, 4: 1, 8: 0, 9: 2, 10: 3, 11: 4}
  dominant p1= 2 (i=0,j=1):
     node1 centre= 2  dirs sigma(C0)=[0, 1, 2, 3, 4, 5, 6, 7, 20]
     node2 centres sigma(C1)=[0, 1, 3, 4, 5, 6, 7, 20]   (canonical p2 -> native sigma(p2))
     node3 centres sigma(C2)=[1, 5, 6, 7]   (canonical p3 -> native sigma(p3))
     conj-permP nontrivial map = {0: 5, 3: 11, 4: 8, 5: 9, 8: 4, 9: 20, 10: 3, 11: 0, 20: 10}
  dominant p1= 3 (i=0,j=2):
     node1 centre= 3  dirs sigma(C0)=[0, 1, 2, 3, 4, 5, 6, 7, 20]
     node2 centres sigma(C1)=[0, 1, 2, 4, 5, 6, 7, 20]   (canonical p2 -> native sigma(p2))
     node3 centres sigma(C2)=[0, 1, 5, 7]   (canonical p3 -> native sigma(p3))
     conj-permP nontrivial map = {2: 10, 4: 7, 6: 8, 7: 9, 8: 6, 9: 2, 10: 20, 11: 4, 20: 11}
  dominant p1= 0 (i=1,j=0):
     node1 centre= 0  dirs sigma(C0)=[0, 1, 2, 3, 4, 5, 6, 7, 20]
     node2 centres sigma(C1)=[1, 2, 3, 4, 5, 6, 7, 20]   (canonical p2 -> native sigma(p2))
     node3 centres sigma(C2)=[1, 3, 5, 7]   (canonical p3 -> native sigma(p3))
     conj-permP nontrivial map = {1: 13, 2: 1, 4: 14, 6: 15, 12: 20, 13: 4, 14: 6, 15: 2, 20: 12}
  dominant p1= 4 (i=1,j=1):
     node1 centre= 4  dirs sigma(C0)=[0, 1, 2, 3, 4, 5, 6, 7, 20]
     node2 centres sigma(C1)=[0, 1, 2, 3, 5, 6, 7, 20]   (canonical p2 -> native sigma(p2))
     node3 centres sigma(C2)=[1, 3, 5, 7]   (canonical p3 -> native sigma(p3))
     conj-permP nontrivial map = {0: 14, 2: 12, 5: 13, 6: 15, 12: 2, 13: 0, 14: 6, 15: 20, 20: 5}
  dominant p1= 6 (i=1,j=2):
     node1 centre= 6  dirs sigma(C0)=[0, 1, 2, 3, 4, 5, 6, 7, 20]
     node2 centres sigma(C1)=[0, 1, 2, 3, 4, 5, 7, 20]   (canonical p2 -> native sigma(p2))
     node3 centres sigma(C2)=[1, 5, 7, 20]   (canonical p3 -> native sigma(p3))
     conj-permP nontrivial map = {0: 15, 2: 7, 3: 12, 4: 14, 7: 13, 12: 3, 13: 4, 14: 0, 15: 2}
  dominant p1= 1 (i=2,j=0):
     node1 centre= 1  dirs sigma(C0)=[0, 1, 2, 3, 4, 5, 6, 7, 20]
     node2 centres sigma(C1)=[0, 2, 3, 4, 5, 6, 7, 20]   (canonical p2 -> native sigma(p2))
     node3 centres sigma(C2)=[2, 3, 6, 20]   (canonical p3 -> native sigma(p3))
     conj-permP nontrivial map = {0: 16, 4: 20, 5: 18, 7: 19, 16: 0, 17: 5, 18: 7, 19: 4, 20: 17}
  dominant p1= 5 (i=2,j=1):
     node1 centre= 5  dirs sigma(C0)=[0, 1, 2, 3, 4, 5, 6, 7, 20]
     node2 centres sigma(C1)=[0, 1, 2, 3, 4, 6, 7, 20]   (canonical p2 -> native sigma(p2))
     node3 centres sigma(C2)=[2, 3, 6, 20]   (canonical p3 -> native sigma(p3))
     conj-permP nontrivial map = {0: 2, 1: 18, 2: 17, 4: 16, 7: 19, 16: 4, 17: 1, 18: 7, 19: 0}
  dominant p1= 7 (i=2,j=2):
     node1 centre= 7  dirs sigma(C0)=[0, 1, 2, 3, 4, 5, 6, 7, 20]
     node2 centres sigma(C1)=[0, 1, 2, 3, 4, 5, 6, 20]   (canonical p2 -> native sigma(p2))
     node3 centres sigma(C2)=[0, 2, 3, 20]   (canonical p3 -> native sigma(p3))
     conj-permP nontrivial map = {1: 19, 3: 17, 4: 3, 5: 18, 6: 16, 16: 6, 17: 5, 18: 1, 19: 4}

[2] SWEEP all 288 whole-conjugate leaves (toric-LP rlct, survivor, jac, divisorMin):
  (swept 288 in 119.3s)
  rlct distribution     : {4.0: 252, 4.5: 36}
  divisorMin distribution: {8: 252, 9: 36}
  #survivors/leaf        : {0: 144, 1: 144}
  min jac over ALL survivor-support axes (need >=7): 7
  invariance rlct(g_c)==rlct(canonical) failures: 0
  example survivor leaves:
      (20, 0, 1, 4.0, 8, (0,), {0: 7, 20: 8})
      (20, 0, 5, 4.0, 8, (0,), {0: 7, 20: 8})
      (20, 0, 6, 4.0, 8, (0,), {0: 7, 20: 8})
      (20, 0, 7, 4.0, 8, (0,), {0: 7, 20: 8})
      (20, 2, 1, 4.0, 8, (3,), {2: 7, 20: 8})
      (20, 2, 5, 4.0, 8, (3,), {2: 7, 20: 8})

[3] EXACT rational lower-bound cert (LP duality) for 252 tight (rlct==4.0) leaves:
    exactly certified rlct>=4 on 252/252 tight leaves: True

==============================================================================================
SURVIVED: ALL 288 whole-conjugate born-native leaves have rlct>=4 / divisorMin>=8;
          the survivor support (pivot-cross) ALWAYS lands on jac>=7 coords (min jac=7).
          + loss-symmetry invariance (0) makes rlct(g_c)=rlct(canonical) EXACT (288/288 match).
==============================================================================================
